Enter password: ********
Welcome to the MySQL monitor.  Commands end with ; or \g.
Your MySQL connection id is 4
Server version: 5.5.62 MySQL Community Server (GPL)

Copyright (c) 2000, 2018, Oracle and/or its affiliates. All rights reserved.

Oracle is a registered trademark of Oracle Corporation and/or its
affiliates. Other names may be trademarks of their respective
owners.

Type 'help;' or '\h' for help. Type '\c' to clear the current input statement.

mysql> select * from department;
ERROR 1046 (3D000): No database selected
mysql> use sugumar;
Database changed
mysql> select * from department;
+--------+----------+----------+
| deptno | deptname | depthead |
+--------+----------+----------+
| 234565 | biology  | sugumar  |
+--------+----------+----------+
1 row in set (0.00 sec)

mysql> update student set regno=324 where name='mukesh';
Query OK, 0 rows affected (0.05 sec)
Rows matched: 0  Changed: 0  Warnings: 0

mysql> select * from student;
+-------+---------+--------+------+----------+----------+
| regno | name    | gender | dob  | mobileno | city     |
+-------+---------+--------+------+----------+----------+
|   666 | sugumar | m      |    0 |    65464 | new york |
+-------+---------+--------+------+----------+----------+
1 row in set (0.00 sec)

mysql> update student set regno=324 where name='sugumar';
Query OK, 1 row affected (0.02 sec)
Rows matched: 1  Changed: 1  Warnings: 0

mysql> select * from student;
+-------+---------+--------+------+----------+----------+
| regno | name    | gender | dob  | mobileno | city     |
+-------+---------+--------+------+----------+----------+
|   324 | sugumar | m      |    0 |    65464 | new york |
+-------+---------+--------+------+----------+----------+
1 row in set (0.00 sec)

mysql> delete from faculty where fname='sugumar';
ERROR 1054 (42S22): Unknown column 'fname' in 'where clause'
mysql> delete from faculty where facname='sugumar';
Query OK, 0 rows affected (0.00 sec)

mysql> select * from faculty;
+-------+---------+--------+------+----------+------+------+-------+
| facno | facname | gender | dob  | mobileno | doj  | dept | depts |
+-------+---------+--------+------+----------+------+------+-------+
|   123 | deepa   | f      |    0 |    34567 |    0 | dbms | NULL  |
+-------+---------+--------+------+----------+------+------+-------+
1 row in set (0.00 sec)

mysql> delete from faculty where facno='2';
Query OK, 0 rows affected (0.01 sec)

mysql> select * from faculty;
+-------+---------+--------+------+----------+------+------+-------+
| facno | facname | gender | dob  | mobileno | doj  | dept | depts |
+-------+---------+--------+------+----------+------+------+-------+
|   123 | deepa   | f      |    0 |    34567 |    0 | dbms | NULL  |
+-------+---------+--------+------+----------+------+------+-------+
1 row in set (0.00 sec)

mysql> delete from faculty where facno='123';
Query OK, 1 row affected (0.00 sec)

mysql> select * from faculty;
Empty set (0.00 sec)

mysql> select * from student ;
+-------+---------+--------+------+----------+----------+
| regno | name    | gender | dob  | mobileno | city     |
+-------+---------+--------+------+----------+----------+
|   324 | sugumar | m      |    0 |    65464 | new york |
+-------+---------+--------+------+----------+----------+
1 row in set (0.00 sec)

mysql> select * from faculty ;
Empty set (0.00 sec)

mysql> select * from course;
+----------+------------+------------+-------+--------+---------+
| courseno | coursedesc | coursetype | semno | hallno | facno   |
+----------+------------+------------+-------+--------+---------+
|      235 | biology    | d          |  1234 |    456 | 2345678 |
+----------+------------+------------+-------+--------+---------+
1 row in set (0.00 sec)

mysql> select * from department;
+--------+----------+----------+
| deptno | deptname | depthead |
+--------+----------+----------+
| 234565 | biology  | sugumar  |
+--------+----------+----------+
1 row in set (0.00 sec)